    Checking log v0.4.34
    Checking zerotrie v0.2.5
    Checking potential_utf v0.1.6
    Checking tinystr v0.8.4
    Checking tokio v1.53.1
    Checking num-bigint v0.4.8
    Checking hashbrown v0.14.5
    Checking debugid v0.8.0
    Checking bytes-str v0.2.8
    Checking triomphe v0.1.16
    Checking icu_collections v2.1.1
    Checking icu_locale_core v2.3.0
    Checking swc_visit v2.0.1
    Checking aws-lc-sys v0.45.0
    Checking tracing v0.1.44
    Checking compression-codecs v0.4.39
    Checking schemars v1.2.2
    Checking biome_text_size v0.3.1
    Checking serde_bytes v0.11.19
    Checking similar v2.7.0
    Checking hstr v3.0.6
    Checking ecow v0.2.6
    Checking indexmap v1.9.3
    Checking hipstr v0.6.0
    Checking tungstenite v0.29.0
    Checking swc_atoms v9.0.0
    Checking aws-lc-rs v1.18.1
    Checking biome_text_edit v0.3.1
    Checking resb v0.1.2
    Checking schemars v0.8.22
    Checking capacity_builder v0.5.0
    Checking biome_rowan v0.3.1
    Checking icu_provider v2.3.1
    Checking zoneinfo64 v0.2.1
    Checking biome_diagnostics_categories v0.3.1
    Checking axum-core v0.5.6
    Checking par-core v2.0.0
   Compiling v8 v145.0.0 (/private/tmp/orqaly-goose-verified-fixes/vendor/v8)
    Checking opentelemetry v0.31.0
    Checking prost v0.14.4
    Checking timezone_provider v0.1.2
   Compiling serde_v8 v0.290.0
    Checking icu_normalizer v2.1.1
    Checking icu_properties v2.1.2
    Checking icu_locale v2.1.1
    Checking biome_console v0.3.1
    Checking swc_config v3.1.2
    Checking rustls-webpki v0.103.15
    Checking opentelemetry_sdk v0.31.0
    Checking swc_allocator v4.0.1
    Checking deno_terminal v0.2.3
    Checking text_lines v0.6.0
    Checking biome_diagnostics v0.3.1
   Compiling deno_core v0.381.1
    Checking biome_json_syntax v0.3.1
    Checking globset v0.4.20
    Checking rustls v0.23.43
    Checking biome_json_factory v0.3.1
    Checking keyring v3.6.3
    Checking icu_calendar v2.1.1
    Checking idna_adapter v1.2.1
    Checking bincode v1.3.3
    Checking lazy-regex v3.6.1
    Checking serde_with v3.22.0
    Checking idna v1.1.0
    Checking ignore v0.4.33
    Checking biome_parser v0.3.1
    Checking url v2.5.8
    Checking publicsuffix v2.3.0
    Checking biome_js_syntax v0.3.1
    Checking biome_json_parser v0.3.1
    Checking num-rational v0.4.2
    Checking biome_deserialize v0.3.1
    Checking swc_sourcemap v9.3.4
    Checking cookie_store v0.22.1
    Checking deno_media_type v0.3.0
    Checking oauth2 v5.0.0
    Checking sourcemap v9.3.2
    Checking temporal_rs v0.1.2
    Checking swc_common v17.0.1
    Checking tokio-util v0.7.19
    Checking deno_error v0.7.1
    Checking tokio-stream v0.1.19
    Checking async-compression v0.4.44
    Checking process-wrap v9.1.0
    Checking tokio-tungstenite v0.29.0
    Checking h2 v0.4.19
    Checking tower v0.5.3
    Checking deno_path_util v0.6.4
    Checking temporal_capi v0.1.2
    Checking deno_semver v0.9.1
    Checking deno_unsync v0.4.4
    Checking wasm_dep_analyzer v0.4.0
    Checking import_map v0.24.0
    Checking dashmap v5.5.3
    Checking jsonc-parser v0.27.1
    Checking v8-goose v145.0.2
    Checking tokio-rustls v0.26.4
    Checking rustls-platform-verifier v0.7.0
    Checking swc_ecma_ast v18.0.0
    Checking deno_package_json v0.29.0
    Checking swc_ecma_loader v17.0.0
    Checking deno_lockfile v0.32.2
    Checking tower-http v0.6.11
    Checking hashbrown v0.16.1
    Checking num-modular v0.6.5
    Checking glob v0.3.4
    Checking cache_control v0.2.0
    Checking base32 v0.5.1
    Checking path-clean v0.1.0
    Checking base64 v0.21.7
    Checking ucd-trie v0.1.7
    Checking hashlink v0.11.1
    Checking deno_npm v0.42.3
    Checking num-order v1.2.0
    Checking pest v2.9.0
    Checking deno_cache_dir v0.26.3
    Checking node_resolver v0.65.0
    Checking deno_config v0.77.0
    Checking biome_js_factory v0.3.1
    Checking num v0.4.3
    Checking agent-client-protocol-schema v1.5.0
    Checking biome_formatter v0.3.1
    Checking futures-intrusive v0.5.0
    Checking dissimilar v1.0.9
    Checking async-once-cell v0.5.4
    Checking twox-hash v2.1.0
    Checking biome_js_parser v0.3.1
    Checking handlebars v6.4.4
    Checking sqlx-core v0.9.0
    Checking biome_js_formatter v0.3.1
    Checking hyper v1.11.1
    Checking deno_resolver v0.58.0
    Checking libsqlite3-sys v0.37.0
    Checking fraction v0.17.0
    Checking tempfile v3.27.0
    Checking heck v0.5.0
    Checking jsonschema-value v0.52.1
    Checking referencing v0.52.1
    Checking hyper-util v0.1.20
    Checking tracing-subscriber v0.3.23
    Checking sqlx-sqlite v0.9.0
    Checking utoipa v5.5.0
    Checking fancy-regex v0.19.0
    Checking fancy-regex v0.17.0
    Checking simple_asn1 v0.6.4
    Checking hyper-rustls v0.27.9
    Checking axum v0.8.9
    Checking reqwest v0.13.4
    Checking hyper-timeout v0.5.2
    Checking reqwest v0.12.28
    Checking tracing-futures v0.2.5
    Checking serde_yaml v0.9.34+deprecated
    Checking blake3 v1.8.7
    Checking opentelemetry-http v0.31.0
    Checking tracing-appender v0.2.5
    Checking rmcp v1.8.0
    Checking rmcp v3.2.0
    Checking goose-download-manager v0.1.0-alpha.8 (/private/tmp/orqaly-goose-verified-fixes/crates/goose-download-manager)
    Checking tree-sitter v0.26.13
    Checking pctx_codegen v0.3.3 (/private/tmp/orqaly-goose-verified-fixes/vendor/pctx_codegen)
    Checking jsonwebtoken v11.0.0
   Compiling pctx_code_execution_runtime v0.2.2
   Compiling pctx_type_check_runtime v0.1.3
    Checking tokio-cron-scheduler v0.15.1
    Checking jsonschema v0.52.1
    Checking swc_ecma_parser v27.0.7
    Checking swc_ecma_visit v18.0.1
    Checking swc_ecma_codegen v20.0.2
    Checking tonic v0.14.6
    Checking agent-client-protocol v2.0.0 (https://github.com/agentclientprotocol/rust-sdk?rev=c97a5203d3392f7f231514d84eea014f9f43e6fb#c97a5203)
    Checking sqlx v0.9.0
    Checking tiktoken-rs v0.12.0
    Checking tonic-prost v0.14.6
    Checking tree-sitter-python v0.25.0
    Checking opentelemetry-proto v0.31.0
    Checking tree-sitter-typescript v0.23.2
    Checking tree-sitter-go v0.25.0
    Checking swc_ecma_utils v24.0.0
    Checking sys-info v0.9.1
    Checking tree-sitter-swift v0.7.3
    Checking tree-sitter-ruby v0.23.1
    Checking tree-sitter-javascript v0.25.0
    Checking tree-sitter-rust v0.24.2
    Checking tree-sitter-java v0.23.5
    Checking tree-sitter-kotlin-ng v1.1.0
    Checking webbrowser v1.2.4
    Checking opentelemetry-otlp v0.31.1
    Checking goose-sdk-types v0.1.0-alpha.8 (/private/tmp/orqaly-goose-verified-fixes/crates/goose-sdk-types)
    Checking agent-client-protocol-http v2.0.0 (https://github.com/agentclientprotocol/rust-sdk?rev=c97a5203d3392f7f231514d84eea014f9f43e6fb#c97a5203)
    Checking swc_ecma_transforms_base v30.0.1
    Checking swc_ecma_lexer v26.0.0
    Checking pctx_config v0.1.5
    Checking swc_ecma_transforms_react v33.0.0
    Checking swc_ecma_transforms_classes v30.0.0
    Checking swc_ecma_transforms_proposal v30.0.0
    Checking pctx_registry v0.1.3
    Checking swc_ecma_transforms_typescript v33.0.0
    Checking goose-provider-types v0.1.0-alpha.8 (/private/tmp/orqaly-goose-verified-fixes/crates/goose-provider-types)
    Checking dprint-swc-ext v0.26.1
    Checking deno_ast v0.52.0
    Checking pctx_deno_transpiler v0.1.1
    Checking goose-providers v0.1.0-alpha.8 (/private/tmp/orqaly-goose-verified-fixes/crates/goose-providers)
    Checking goose-agent v0.1.0-alpha.8 (/private/tmp/orqaly-goose-verified-fixes/crates/goose-agent)
    Checking goose-context-management v0.1.0-alpha.8 (/private/tmp/orqaly-goose-verified-fixes/crates/goose-context-management)
    Checking pctx_executor v0.2.2
    Checking pctx_code_mode v0.5.0
    Checking goose v1.50.0 (/private/tmp/orqaly-goose-verified-fixes/crates/goose)
    Finished `dev` profile [unoptimized + debuginfo] target(s) in 1m 01s
