    Finished `test` profile [unoptimized + debuginfo] target(s) in 1.01s
     Running unittests src/lib.rs (target/debug/deps/goose-62ab65b17019e158)

running 40 tests
test agents::platform_extensions::native_engineering::ast::tests::cancelled_search_never_returns_completed ... ok
test agents::platform_extensions::native_engineering::ast::tests::bounded_search_reports_partial_results ... ok
test agents::platform_extensions::native_engineering::ast::tests::javascript_search_matches_syntax_and_not_comments_or_strings ... ok
test agents::platform_extensions::native_engineering::ast::tests::python_capture_handles_multiline_structure_and_unicode_bytes ... ok
test agents::platform_extensions::native_engineering::ast::tests::oversized_file_is_explicitly_rejected ... ok
test agents::platform_extensions::native_engineering::ast::tests::invalid_query_missing_language_and_limits_fail_explicitly ... ok
test agents::platform_extensions::native_engineering::ast::tests::directory_search_respects_ignore_rules_and_restricts_language ... ok
test agents::platform_extensions::native_engineering::edits::native_edit_tests::native_mutations_advertise_destructive_approval_hints ... ok
test agents::platform_extensions::native_engineering::edits::native_edit_tests::dropped_transaction_does_not_overwrite_external_change ... ok
test agents::platform_extensions::native_engineering::edits::native_edit_tests::missing_workspace_and_outside_path_are_rejected ... ok
test agents::platform_extensions::native_engineering::edits::native_edit_tests::exact_multiple_ranges_preserve_untouched_dirty_text_and_endings ... ok
test agents::platform_extensions::native_engineering::edits::native_edit_tests::empty_file_has_a_usable_anchor ... ok
test agents::platform_extensions::native_engineering::edits::native_edit_tests::pre_cancelled_requests_never_mutate_or_spawn ... ok
test agents::platform_extensions::native_engineering::edits::native_edit_tests::overlapping_ranges_and_zero_timeout_fail_before_writes ... ok
test agents::platform_extensions::native_engineering::edits::native_edit_tests::read_returns_full_digest_and_exact_paginated_line_anchors ... ok
test agents::platform_extensions::native_engineering::edits::native_edit_tests::failed_test_restores_exact_dirty_preimage_and_returns_evidence ... ok
test agents::platform_extensions::native_engineering::edits::native_edit_tests::executable_mode_is_preserved_by_edit_and_rollback ... ok
test agents::platform_extensions::native_engineering::edits::native_edit_tests::output_capture_is_bounded_but_test_status_remains_explicit ... ok
test agents::platform_extensions::native_engineering::edits::native_edit_tests::symlink_file_and_parent_are_rejected ... ok
test agents::platform_extensions::native_engineering::edits::native_edit_tests::stale_digest_or_anchor_never_changes_file ... ok
test agents::platform_extensions::native_engineering::lsp::tests::capability_guidance_reports_configuration_without_commands_or_startup_claims ... ok
test agents::platform_extensions::native_engineering::edits::native_edit_tests::stable_lock_rejects_second_transaction_and_drop_restores_first ... FAILED
test agents::platform_extensions::native_engineering::edits::native_edit_tests::successful_test_receives_literal_argv_and_keeps_edits ... ok
test agents::platform_extensions::native_engineering::edits::native_edit_tests::rollback_rejects_a_parent_replaced_with_symlink ... ok
test agents::platform_extensions::native_engineering::lsp::tests::real_bundled_language_servers_smoke ... ignored, set GOOSE_REAL_LSP_RUNTIME to the prepared orqaly-runtime directory
test agents::platform_extensions::native_engineering::lsp::tests::parses_byte_counted_fragmented_frames_and_rejects_bounds ... ok
test agents::platform_extensions::native_engineering::lsp::tests::missing_server_and_path_escape_are_explicit_failures ... ok
test agents::platform_extensions::native_engineering::lsp::tests::validates_host_configuration_and_utf16_positions ... ok
test agents::platform_extensions::native_engineering::edits::native_edit_tests::test_or_user_changes_are_preserved_even_when_tests_exit_zero ... ok
test agents::platform_extensions::native_engineering::tests::workspace_rejects_file_and_directory_symlinks ... ok
test agents::platform_extensions::native_engineering::tests::workspace_requires_host_context_and_rejects_escape ... ok
test agents::platform_extensions::native_engineering::tests::platform_registration_is_opt_in_and_exposes_exact_native_tools ... ok
test agents::platform_extensions::native_engineering::lsp::tests::actual_protocol_preserves_versions_and_refuses_server_mutations ... ok
test agents::platform_extensions::native_engineering::lsp::tests::unversioned_push_diagnostics_are_not_claimed_fresh ... ok
test agents::platform_extensions::native_engineering::lsp::tests::synchronizes_other_open_documents_after_external_edits ... ok
test agents::platform_extensions::native_engineering::lsp::tests::cancellation_stops_child_and_clears_session ... ok
test agents::platform_extensions::native_engineering::lsp::tests::pull_diagnostics_and_server_errors_are_real_protocol_results ... ok
test agents::platform_extensions::native_engineering::edits::native_edit_tests::dropped_tool_future_kills_process_group_and_rolls_back ... ok
test agents::platform_extensions::native_engineering::edits::native_edit_tests::cancellation_terminates_descendants_and_restores_preimage ... ok
test agents::platform_extensions::native_engineering::edits::native_edit_tests::timeout_terminates_descendants_and_restores_preimage ... ok

failures:

---- agents::platform_extensions::native_engineering::edits::native_edit_tests::stable_lock_rejects_second_transaction_and_drop_restores_first stdout ----

thread 'agents::platform_extensions::native_engineering::edits::native_edit_tests::stable_lock_rejects_second_transaction_and_drop_restores_first' (78213225) panicked at crates/goose/src/agents/platform_extensions/native_engineering/edits.rs:1002:9:
assertion failed: EditLock::acquire(&path).is_ok()
note: run with `RUST_BACKTRACE=1` environment variable to display a backtrace


failures:
    agents::platform_extensions::native_engineering::edits::native_edit_tests::stable_lock_rejects_second_transaction_and_drop_restores_first

test result: FAILED. 38 passed; 1 failed; 1 ignored; 0 measured; 2193 filtered out; finished in 2.45s

error: test failed, to rerun pass `-p goose --lib`
