{"event":"starting","key":"control-default-1"}
{"event":"progress","key":"control-default-1","elapsedMs":30001,"toolCalls":14,"pendingApprovals":0,"providerRequests":16}
{"event":"finished","key":"control-default-1","status":"completed","elapsedMs":35600,"passed":true}
{"event":"starting","key":"control-candidate-1"}
{"event":"progress","key":"control-candidate-1","elapsedMs":30002,"toolCalls":12,"pendingApprovals":0,"providerRequests":14}
{"event":"finished","key":"control-candidate-1","status":"completed","elapsedMs":38144,"passed":true}
{"event":"starting","key":"ast-candidate-1"}
{"event":"progress","key":"ast-candidate-1","elapsedMs":30001,"toolCalls":10,"pendingApprovals":0,"providerRequests":11}
{"event":"progress","key":"ast-candidate-1","elapsedMs":60003,"toolCalls":17,"pendingApprovals":0,"providerRequests":19}
{"event":"finished","key":"ast-candidate-1","status":"completed","elapsedMs":72825,"passed":true}
{"event":"starting","key":"ast-default-1"}
{"event":"progress","key":"ast-default-1","elapsedMs":30000,"toolCalls":14,"pendingApprovals":0,"providerRequests":16}
{"event":"finished","key":"ast-default-1","status":"completed","elapsedMs":55544,"passed":true}
{"event":"starting","key":"lsp-default-1"}
{"event":"progress","key":"lsp-default-1","elapsedMs":30000,"toolCalls":9,"pendingApprovals":0,"providerRequests":11}
{"event":"progress","key":"lsp-default-1","elapsedMs":60001,"toolCalls":13,"pendingApprovals":0,"providerRequests":15}
{"event":"progress","key":"lsp-default-1","elapsedMs":90002,"toolCalls":23,"pendingApprovals":0,"providerRequests":25}
{"event":"progress","key":"lsp-default-1","elapsedMs":120004,"toolCalls":31,"pendingApprovals":0,"providerRequests":33}
{"event":"finished","key":"lsp-default-1","status":"completed","elapsedMs":148888,"passed":true}
{"event":"starting","key":"lsp-candidate-1"}
{"event":"progress","key":"lsp-candidate-1","elapsedMs":30001,"toolCalls":8,"pendingApprovals":0,"providerRequests":10}
{"event":"progress","key":"lsp-candidate-1","elapsedMs":60004,"toolCalls":16,"pendingApprovals":0,"providerRequests":18}
{"event":"progress","key":"lsp-candidate-1","elapsedMs":90005,"toolCalls":22,"pendingApprovals":0,"providerRequests":24}
{"event":"progress","key":"lsp-candidate-1","elapsedMs":120007,"toolCalls":29,"pendingApprovals":0,"providerRequests":31}
{"event":"finished","key":"lsp-candidate-1","status":"completed","elapsedMs":120191,"passed":true}
{"event":"starting","key":"control-candidate-2"}
{"event":"progress","key":"control-candidate-2","elapsedMs":30000,"toolCalls":12,"pendingApprovals":0,"providerRequests":14}
{"event":"finished","key":"control-candidate-2","status":"completed","elapsedMs":35408,"passed":true}
{"event":"starting","key":"control-default-2"}
{"event":"progress","key":"control-default-2","elapsedMs":30000,"toolCalls":13,"pendingApprovals":0,"providerRequests":15}
{"event":"finished","key":"control-default-2","status":"completed","elapsedMs":37739,"passed":true}
{"event":"starting","key":"ast-default-2"}
{"event":"progress","key":"ast-default-2","elapsedMs":30000,"toolCalls":12,"pendingApprovals":0,"providerRequests":14}
{"event":"progress","key":"ast-default-2","elapsedMs":59999,"toolCalls":18,"pendingApprovals":0,"providerRequests":20}
{"event":"finished","key":"ast-default-2","status":"completed","elapsedMs":77594,"passed":true}
{"event":"starting","key":"ast-candidate-2"}
{"event":"progress","key":"ast-candidate-2","elapsedMs":30001,"toolCalls":9,"pendingApprovals":0,"providerRequests":11}
{"event":"progress","key":"ast-candidate-2","elapsedMs":60003,"toolCalls":21,"pendingApprovals":0,"providerRequests":23}
{"event":"progress","key":"ast-candidate-2","elapsedMs":90005,"toolCalls":37,"pendingApprovals":0,"providerRequests":38}
{"event":"finished","key":"ast-candidate-2","status":"completed","elapsedMs":113058,"passed":true}
{"event":"starting","key":"lsp-candidate-2"}
{"event":"progress","key":"lsp-candidate-2","elapsedMs":30002,"toolCalls":7,"pendingApprovals":0,"providerRequests":9}
{"event":"progress","key":"lsp-candidate-2","elapsedMs":60000,"toolCalls":16,"pendingApprovals":0,"providerRequests":18}
{"event":"progress","key":"lsp-candidate-2","elapsedMs":90002,"toolCalls":28,"pendingApprovals":0,"providerRequests":30}
{"event":"finished","key":"lsp-candidate-2","status":"completed","elapsedMs":107446,"passed":true}
{"event":"starting","key":"lsp-default-2"}
{"event":"progress","key":"lsp-default-2","elapsedMs":30002,"toolCalls":14,"pendingApprovals":0,"providerRequests":16}
{"event":"progress","key":"lsp-default-2","elapsedMs":60002,"toolCalls":19,"pendingApprovals":0,"providerRequests":21}
{"event":"progress","key":"lsp-default-2","elapsedMs":90003,"toolCalls":30,"pendingApprovals":0,"providerRequests":32}
{"event":"progress","key":"lsp-default-2","elapsedMs":120005,"toolCalls":41,"pendingApprovals":0,"providerRequests":43}
{"event":"finished","key":"lsp-default-2","status":"completed","elapsedMs":131728,"passed":true}
