{"event":"starting","key":"control-default-1"}
{"event":"finished","key":"control-default-1","status":"completed","elapsedMs":23004,"passed":true}
{"event":"starting","key":"control-candidate-1"}
{"event":"progress","key":"control-candidate-1","elapsedMs":30001,"toolCalls":15,"pendingApprovals":0,"providerRequests":17}
{"event":"finished","key":"control-candidate-1","status":"completed","elapsedMs":33719,"passed":true}
{"event":"starting","key":"ast-candidate-1"}
{"event":"progress","key":"ast-candidate-1","elapsedMs":30000,"toolCalls":8,"pendingApprovals":0,"providerRequests":10}
{"event":"progress","key":"ast-candidate-1","elapsedMs":60001,"toolCalls":16,"pendingApprovals":0,"providerRequests":17}
{"event":"finished","key":"ast-candidate-1","status":"completed","elapsedMs":70373,"passed":true}
{"event":"starting","key":"ast-default-1"}
{"event":"progress","key":"ast-default-1","elapsedMs":30001,"toolCalls":12,"pendingApprovals":0,"providerRequests":14}
{"event":"progress","key":"ast-default-1","elapsedMs":60002,"toolCalls":20,"pendingApprovals":0,"providerRequests":22}
{"event":"finished","key":"ast-default-1","status":"completed","elapsedMs":64037,"passed":true}
{"event":"starting","key":"lsp-default-1"}
{"event":"progress","key":"lsp-default-1","elapsedMs":30001,"toolCalls":13,"pendingApprovals":0,"providerRequests":15}
{"event":"progress","key":"lsp-default-1","elapsedMs":60007,"toolCalls":18,"pendingApprovals":0,"providerRequests":20}
{"event":"progress","key":"lsp-default-1","elapsedMs":90007,"toolCalls":35,"pendingApprovals":0,"providerRequests":37}
{"event":"finished","key":"lsp-default-1","status":"completed","elapsedMs":117833,"passed":true}
{"event":"starting","key":"lsp-candidate-1"}
{"event":"progress","key":"lsp-candidate-1","elapsedMs":30002,"toolCalls":12,"pendingApprovals":0,"providerRequests":14}
{"event":"progress","key":"lsp-candidate-1","elapsedMs":60003,"toolCalls":17,"pendingApprovals":0,"providerRequests":19}
{"event":"progress","key":"lsp-candidate-1","elapsedMs":90004,"toolCalls":24,"pendingApprovals":0,"providerRequests":26}
{"event":"progress","key":"lsp-candidate-1","elapsedMs":120005,"toolCalls":39,"pendingApprovals":0,"providerRequests":41}
{"event":"progress","key":"lsp-candidate-1","elapsedMs":150006,"toolCalls":49,"pendingApprovals":0,"providerRequests":51}
{"event":"finished","key":"lsp-candidate-1","status":"completed","elapsedMs":176292,"passed":true}
{"event":"starting","key":"control-candidate-2"}
{"event":"finished","key":"control-candidate-2","status":"completed","elapsedMs":28560,"passed":true}
{"event":"starting","key":"control-default-2"}
{"event":"progress","key":"control-default-2","elapsedMs":30000,"toolCalls":14,"pendingApprovals":0,"providerRequests":16}
{"event":"finished","key":"control-default-2","status":"completed","elapsedMs":30367,"passed":true}
{"event":"starting","key":"ast-default-2"}
{"event":"progress","key":"ast-default-2","elapsedMs":30001,"toolCalls":13,"pendingApprovals":0,"providerRequests":15}
{"event":"finished","key":"ast-default-2","status":"completed","elapsedMs":52197,"passed":true}
{"event":"starting","key":"ast-candidate-2"}
{"event":"progress","key":"ast-candidate-2","elapsedMs":30001,"toolCalls":11,"pendingApprovals":0,"providerRequests":12}
{"event":"progress","key":"ast-candidate-2","elapsedMs":60003,"toolCalls":17,"pendingApprovals":0,"providerRequests":19}
{"event":"finished","key":"ast-candidate-2","status":"completed","elapsedMs":76704,"passed":true}
{"event":"starting","key":"lsp-candidate-2"}
{"event":"progress","key":"lsp-candidate-2","elapsedMs":30001,"toolCalls":11,"pendingApprovals":0,"providerRequests":13}
{"event":"progress","key":"lsp-candidate-2","elapsedMs":60002,"toolCalls":24,"pendingApprovals":0,"providerRequests":26}
{"event":"progress","key":"lsp-candidate-2","elapsedMs":90004,"toolCalls":36,"pendingApprovals":0,"providerRequests":38}
{"event":"progress","key":"lsp-candidate-2","elapsedMs":120004,"toolCalls":41,"pendingApprovals":0,"providerRequests":43}
{"event":"progress","key":"lsp-candidate-2","elapsedMs":150006,"toolCalls":48,"pendingApprovals":0,"providerRequests":50}
{"event":"finished","key":"lsp-candidate-2","status":"completed","elapsedMs":153838,"passed":true}
{"event":"starting","key":"lsp-default-2"}
{"event":"progress","key":"lsp-default-2","elapsedMs":30001,"toolCalls":11,"pendingApprovals":0,"providerRequests":13}
{"event":"progress","key":"lsp-default-2","elapsedMs":60002,"toolCalls":21,"pendingApprovals":0,"providerRequests":23}
{"event":"progress","key":"lsp-default-2","elapsedMs":90001,"toolCalls":36,"pendingApprovals":0,"providerRequests":38}
{"event":"finished","key":"lsp-default-2","status":"completed","elapsedMs":99740,"passed":true}
