{"event":"starting","key":"control-default-1"}
{"event":"finished","key":"control-default-1","status":"completed","elapsedMs":26822,"passed":true}
{"event":"starting","key":"control-candidate-1"}
{"event":"progress","key":"control-candidate-1","elapsedMs":30003,"toolCalls":10,"pendingApprovals":0,"providerRequests":12}
{"event":"finished","key":"control-candidate-1","status":"completed","elapsedMs":33226,"passed":true}
{"event":"starting","key":"ast-candidate-1"}
{"event":"progress","key":"ast-candidate-1","elapsedMs":30003,"toolCalls":9,"pendingApprovals":0,"providerRequests":11}
{"event":"progress","key":"ast-candidate-1","elapsedMs":60005,"toolCalls":17,"pendingApprovals":0,"providerRequests":19}
{"event":"finished","key":"ast-candidate-1","status":"completed","elapsedMs":60753,"passed":true}
{"event":"starting","key":"ast-default-1"}
{"event":"progress","key":"ast-default-1","elapsedMs":30003,"toolCalls":11,"pendingApprovals":0,"providerRequests":13}
{"event":"finished","key":"ast-default-1","status":"completed","elapsedMs":54421,"passed":true}
{"event":"starting","key":"lsp-default-1"}
{"event":"progress","key":"lsp-default-1","elapsedMs":30003,"toolCalls":9,"pendingApprovals":0,"providerRequests":11}
{"event":"progress","key":"lsp-default-1","elapsedMs":60004,"toolCalls":13,"pendingApprovals":0,"providerRequests":15}
{"event":"progress","key":"lsp-default-1","elapsedMs":90006,"toolCalls":21,"pendingApprovals":0,"providerRequests":23}
{"event":"progress","key":"lsp-default-1","elapsedMs":120007,"toolCalls":30,"pendingApprovals":0,"providerRequests":32}
{"event":"finished","key":"lsp-default-1","status":"completed","elapsedMs":136297,"passed":true}
{"event":"starting","key":"lsp-candidate-1"}
{"event":"progress","key":"lsp-candidate-1","elapsedMs":30001,"toolCalls":8,"pendingApprovals":0,"providerRequests":10}
{"event":"progress","key":"lsp-candidate-1","elapsedMs":60004,"toolCalls":11,"pendingApprovals":0,"providerRequests":13}
{"event":"finished","key":"lsp-candidate-1","status":"completed","elapsedMs":89773,"passed":true}
{"event":"starting","key":"control-candidate-2"}
{"event":"progress","key":"control-candidate-2","elapsedMs":30002,"toolCalls":10,"pendingApprovals":0,"providerRequests":12}
{"event":"finished","key":"control-candidate-2","status":"completed","elapsedMs":36924,"passed":true}
{"event":"starting","key":"control-default-2"}
{"event":"progress","key":"control-default-2","elapsedMs":30001,"toolCalls":14,"pendingApprovals":0,"providerRequests":16}
{"event":"finished","key":"control-default-2","status":"completed","elapsedMs":32363,"passed":true}
{"event":"starting","key":"ast-default-2"}
{"event":"progress","key":"ast-default-2","elapsedMs":30001,"toolCalls":9,"pendingApprovals":0,"providerRequests":11}
{"event":"finished","key":"ast-default-2","status":"completed","elapsedMs":46237,"passed":true}
{"event":"starting","key":"ast-candidate-2"}
{"event":"progress","key":"ast-candidate-2","elapsedMs":30001,"toolCalls":8,"pendingApprovals":0,"providerRequests":10}
{"event":"finished","key":"ast-candidate-2","status":"completed","elapsedMs":59519,"passed":true}
{"event":"starting","key":"lsp-candidate-2"}
{"event":"progress","key":"lsp-candidate-2","elapsedMs":30001,"toolCalls":10,"pendingApprovals":0,"providerRequests":12}
{"event":"progress","key":"lsp-candidate-2","elapsedMs":60002,"toolCalls":18,"pendingApprovals":0,"providerRequests":20}
{"event":"progress","key":"lsp-candidate-2","elapsedMs":90003,"toolCalls":31,"pendingApprovals":0,"providerRequests":33}
{"event":"finished","key":"lsp-candidate-2","status":"completed","elapsedMs":119481,"passed":true}
{"event":"starting","key":"lsp-default-2"}
{"event":"progress","key":"lsp-default-2","elapsedMs":30002,"toolCalls":12,"pendingApprovals":0,"providerRequests":13}
{"event":"progress","key":"lsp-default-2","elapsedMs":60002,"toolCalls":14,"pendingApprovals":0,"providerRequests":16}
{"event":"progress","key":"lsp-default-2","elapsedMs":90002,"toolCalls":29,"pendingApprovals":0,"providerRequests":31}
{"event":"finished","key":"lsp-default-2","status":"completed","elapsedMs":118303,"passed":true}
